
Attaching to process ID 79578, please wait...
Debugger attached successfully.
Server compiler detected.
JVM version is 11.0.15-internal+0-adhoc.adam.jdk11u

using thread-local object allocation.
Concurrent Mark-Sweep GC

Heap Configuration:
   MinHeapFreeRatio         = 40
   MaxHeapFreeRatio         = 70
   MaxHeapSize              = 17179869184 (16384.0MB)
   NewSize                  = 176160768 (168.0MB)
   MaxNewSize               = 697892864 (665.5625MB)
   OldSize                  = 352321536 (336.0MB)
   NewRatio                 = 2
   SurvivorRatio            = 8
   MetaspaceSize            = 21807104 (20.796875MB)
   CompressedClassSpaceSize = 1073741824 (1024.0MB)
   MaxMetaspaceSize         = 17592186044415 MB
   G1HeapRegionSize         = 0 (0.0MB)

Heap Usage:
New Generation (Eden + 1 Survivor Space):
   capacity = 158597120 (151.25MB)
   used     = 71720384 (68.39788818359375MB)
   free     = 86876736 (82.85211181640625MB)
   45.221744253615704% used
Eden Space:
   capacity = 141033472 (134.5MB)
   used     = 54156736 (51.64788818359375MB)
   free     = 86876736 (82.85211181640625MB)
   38.39991686512546% used
From Space:
   capacity = 17563648 (16.75MB)
   used     = 17563648 (16.75MB)
   free     = 0 (0.0MB)
   100.0% used
To Space:
   capacity = 17563648 (16.75MB)
   used     = 0 (0.0MB)
   free     = 17563648 (16.75MB)
   0.0% used
concurrent mark-sweep generation:
   capacity = 1099042816 (1048.12890625MB)
   used     = 724317232 (690.7627410888672MB)
   free     = 374725584 (357.3661651611328MB)
   65.90436891586943% used
